******************************************************************************
                  TI ARM Linker Unix v16.9.6                   
******************************************************************************
>> Linked Wed Apr 11 14:58:36 2018

OUTPUT FILE NAME:   <adc14_single_conversion_repeat_timera_source_MSP_EXP432P401R_nortos_ccs.out>
ENTRY POINT SYMBOL: "_c_int00"  address: 00000c99


MEMORY CONFIGURATION

         name            origin    length      used     unused   attr    fill
----------------------  --------  ---------  --------  --------  ----  --------
  MAIN                  00000000   00040000  00000eaa  0003f156  R  X
  INFO                  00200000   00004000  00000000  00004000  R  X
  SRAM_CODE             01000000   00010000  00000222  0000fdde  RW X
  SRAM_DATA             20000000   00010000  00000222  0000fdde  RW  


SEGMENT ALLOCATION MAP

run origin  load origin   length   init length attrs members
----------  ----------- ---------- ----------- ----- -------
00000000    00000000    00000eb0   00000eb0    r-x
  00000000    00000000    000000e4   000000e4    r-- .intvecs
  000000e4    000000e4    00000d66   00000d66    r-x .text
  00000e4c    00000e4c    00000028   00000028    r-- .const
  00000e78    00000e78    00000038   00000038    r-- .cinit
20000000    20000000    00000022   00000000    rw-
  20000000    20000000    0000001c   00000000    rw- .data
  2000001c    2000001c    00000006   00000000    rw- .bss
2000fe00    2000fe00    00000200   00000000    rw-
  2000fe00    2000fe00    00000200   00000000    rw- .stack


SECTION ALLOCATION MAP

 output                                  attributes/
section   page    origin      length       input sections
--------  ----  ----------  ----------   ----------------
.intvecs   0    00000000    000000e4     
                  00000000    000000e4     startup_msp432p401r_ccs.obj (.intvecs:retain)

.text      0    000000e4    00000d66     
                  000000e4    000002f8     rtsv7M4_T_le_v4SPD16_eabi.lib : e_log10.obj (.text)
                  000003dc    000001b6                                   : fd_add_t2.obj (.text)
                  00000592    00000136                                   : fd_div_t2.obj (.text)
                  000006c8    00000118     adc14_single_conversion_repeat_timera_source.obj (.text:main)
                  000007e0    000000fc     rtsv7M4_T_le_v4SPD16_eabi.lib : fd_mul_t2.obj (.text)
                  000008dc    000000e4     adc14_single_conversion_repeat_timera_source.obj (.text:ADC14_IRQHandler)
                  000009c0    0000009c     rtsv7M4_T_le_v4SPD16_eabi.lib : memcpy_t2.obj (.text)
                  00000a5c    0000007a                                   : memset_t2.obj (.text)
                  00000ad6    00000002     startup_msp432p401r_ccs.obj (.text:Default_Handler)
                  00000ad8    00000078     system_msp432p401r.obj (.text:SystemInit)
                  00000b50    00000070     rtsv7M4_T_le_v4SPD16_eabi.lib : autoinit.obj (.text)
                  00000bc0    0000006e                                   : fd_tos_t2.obj (.text)
                  00000c2e    00000068                                   : copy_decompress_lzss.obj (.text:decompress:lzss)
                  00000c96    00000002                                   : mpu_init.obj (.text)
                  00000c98    00000054                                   : boot.obj (.text)
                  00000cec    00000054                                   : exit.obj (.text)
                  00000d40    0000004c                                   : cpy_tbl.obj (.text)
                  00000d8c    00000038                                   : fs_tod_t2.obj (.text)
                  00000dc4    0000002e                                   : i_tofd_t2.obj (.text)
                  00000df2    00000002                                   : startup.obj (.text)
                  00000df4    00000018                                   : args_main.obj (.text)
                  00000e0c    00000014                                   : _lock.obj (.text)
                  00000e20    0000000e                                   : copy_decompress_none.obj (.text:decompress:none)
                  00000e2e    0000000c     startup_msp432p401r_ccs.obj (.text:Reset_Handler)
                  00000e3a    0000000c     rtsv7M4_T_le_v4SPD16_eabi.lib : copy_zero_init.obj (.text:decompress:ZI)
                  00000e46    00000004                                   : pre_init.obj (.text)

.const     0    00000e4c    00000028     
                  00000e4c    00000018     adc14_single_conversion_repeat_timera_source.obj (.const:upModeConfig)
                  00000e64    00000010     adc14_single_conversion_repeat_timera_source.obj (.const:compareConfig)

.cinit     0    00000e78    00000038     
                  00000e78    00000011     (.cinit..data.load) [load image, compression = lzss]
                  00000e89    00000003     --HOLE-- [fill = 0]
                  00000e8c    0000000c     (__TI_handler_table)
                  00000e98    00000008     (.cinit..bss.load) [load image, compression = zero_init]
                  00000ea0    00000010     (__TI_cinit_table)

.init_array 
*          0    00000000    00000000     UNINITIALIZED

.binit     0    00000000    00000000     

.data      0    20000000    0000001c     UNINITIALIZED
                  20000000    0000000c     rtsv7M4_T_le_v4SPD16_eabi.lib : exit.obj (.data:$O1$$)
                  2000000c    00000008                                   : _lock.obj (.data:$O1$$)
                  20000014    00000004                                   : errno.obj (.data)
                  20000018    00000004                                   : stkdepth_vars.obj (.data)

.bss       0    2000001c    00000006     UNINITIALIZED
                  2000001c    00000004     (.common:tempC)
                  20000020    00000002     adc14_single_conversion_repeat_timera_source.obj (.bss)

.stack     0    2000fe00    00000200     UNINITIALIZED
                  2000fe00    00000200     --HOLE--

MODULE SUMMARY

       Module                                             code   ro data   rw data
       ------                                             ----   -------   -------
    ./
       adc14_single_conversion_repeat_timera_source.obj   508    40        12     
       system_msp432p401r.obj                             120    0         0      
    +--+--------------------------------------------------+------+---------+---------+
       Total:                                             628    40        12     
                                                                                  
    ./ccs/
       startup_msp432p401r_ccs.obj                        14     228       0      
    +--+--------------------------------------------------+------+---------+---------+
       Total:                                             14     228       0      
                                                                                  
    /opt/ti/ccsv7/tools/compiler/ti-cgt-arm_16.9.6.LTS/lib/rtsv7M4_T_le_v4SPD16_eabi.lib
       e_log10.obj                                        760    0         0      
       fd_add_t2.obj                                      438    0         0      
       fd_div_t2.obj                                      310    0         0      
       fd_mul_t2.obj                                      252    0         0      
       memcpy_t2.obj                                      156    0         0      
       memset_t2.obj                                      122    0         0      
       autoinit.obj                                       112    0         0      
       fd_tos_t2.obj                                      110    0         0      
       exit.obj                                           84     0         24     
       copy_decompress_lzss.obj                           104    0         0      
       boot.obj                                           84     0         0      
       cpy_tbl.obj                                        76     0         0      
       fs_tod_t2.obj                                      56     0         0      
       i_tofd_t2.obj                                      46     0         0      
       _lock.obj                                          20     0         16     
       args_main.obj                                      24     0         0      
       copy_decompress_none.obj                           14     0         0      
       copy_zero_init.obj                                 12     0         0      
       errno.obj                                          0      0         8      
       stkdepth_vars.obj                                  0      0         8      
       pre_init.obj                                       4      0         0      
       mpu_init.obj                                       2      0         0      
       startup.obj                                        2      0         0      
    +--+--------------------------------------------------+------+---------+---------+
       Total:                                             2788   0         56     
                                                                                  
       Stack:                                             0      0         1024   
       Linker Generated:                                  0      53        0      
    +--+--------------------------------------------------+------+---------+---------+
       Grand Total:                                       3430   321       1092   


LINKER GENERATED COPY TABLES

__TI_cinit_table @ 00000ea0 records: 2, size/record: 8, table size: 16
	.data: load addr=00000e78, load size=00000011 bytes, run addr=20000000, run size=0000001c bytes, compression=lzss
	.bss: load addr=00000e98, load size=00000008 bytes, run addr=2000001c, run size=00000006 bytes, compression=zero_init


LINKER GENERATED HANDLER TABLE

__TI_handler_table @ 00000e8c records: 3, size/record: 4, table size: 12
	index: 0, handler: __TI_decompress_lzss
	index: 1, handler: __TI_decompress_none
	index: 2, handler: __TI_zero_init


GLOBAL SYMBOLS: SORTED ALPHABETICALLY BY Name 

address   name                           
-------   ----                           
000008dd  ADC14_IRQHandler               
000008dd  ADC14_IRQHandler               
00000ad7  AES256_IRQHandler              
00000ad7  BusFault_Handler               
00000ced  C$$EXIT                        
00000ad7  COMP_E0_IRQHandler             
00000ad7  COMP_E1_IRQHandler             
00000ad7  CS_IRQHandler                  
00000ad7  DMA_ERR_IRQHandler             
00000ad7  DMA_INT0_IRQHandler            
00000ad7  DMA_INT1_IRQHandler            
00000ad7  DMA_INT2_IRQHandler            
00000ad7  DMA_INT3_IRQHandler            
00000ad7  DebugMon_Handler               
00000ad7  Default_Handler                
00000ad7  EUSCIA0_IRQHandler             
00000ad7  EUSCIA1_IRQHandler             
00000ad7  EUSCIA2_IRQHandler             
00000ad7  EUSCIA3_IRQHandler             
00000ad7  EUSCIB0_IRQHandler             
00000ad7  EUSCIB1_IRQHandler             
00000ad7  EUSCIB2_IRQHandler             
00000ad7  EUSCIB3_IRQHandler             
00000ad7  FLCTL_IRQHandler               
00000ad7  FPU_IRQHandler                 
00000ad7  HardFault_Handler              
00000ad7  MemManage_Handler              
00000ad7  NMI_Handler                    
00000ad7  PCM_IRQHandler                 
00000ad7  PORT1_IRQHandler               
00000ad7  PORT2_IRQHandler               
00000ad7  PORT3_IRQHandler               
00000ad7  PORT4_IRQHandler               
00000ad7  PORT5_IRQHandler               
00000ad7  PORT6_IRQHandler               
00000ad7  PSS_IRQHandler                 
00000ad7  PendSV_Handler                 
00000ad7  RTC_C_IRQHandler               
00000e2f  Reset_Handler                  
UNDEFED   SHT$$INIT_ARRAY$$Base          
UNDEFED   SHT$$INIT_ARRAY$$Limit         
00000ad7  SVC_Handler                    
00000ad7  SysTick_Handler                
00000ad9  SystemInit                     
00000ad7  T32_INT1_IRQHandler            
00000ad7  T32_INT2_IRQHandler            
00000ad7  T32_INTC_IRQHandler            
00000ad7  TA0_0_IRQHandler               
00000ad7  TA0_N_IRQHandler               
00000ad7  TA1_0_IRQHandler               
00000ad7  TA1_N_IRQHandler               
00000ad7  TA2_0_IRQHandler               
00000ad7  TA2_N_IRQHandler               
00000ad7  TA3_0_IRQHandler               
00000ad7  TA3_N_IRQHandler               
00000ad7  UsageFault_Handler             
4000480c  WDTCTL_SYM                     
00000ad7  WDT_A_IRQHandler               
20010000  __STACK_END                    
00000200  __STACK_SIZE                   
00000ea0  __TI_CINIT_Base                
00000eb0  __TI_CINIT_Limit               
00000e8c  __TI_Handler_Table_Base        
00000e98  __TI_Handler_Table_Limit       
00000b51  __TI_auto_init                 
20000000  __TI_cleanup_ptr               
00000c2f  __TI_decompress_lzss           
00000e21  __TI_decompress_none           
20000004  __TI_dtors_ptr                 
20000008  __TI_enable_exit_profile_output
ffffffff  __TI_pprof_out_hndl            
ffffffff  __TI_prof_data_size            
ffffffff  __TI_prof_data_start           
00000000  __TI_static_base__             
00000e3b  __TI_zero_init                 
00000bc1  __aeabi_d2f                    
000003e7  __aeabi_dadd                   
00000593  __aeabi_ddiv                   
000007e1  __aeabi_dmul                   
000003dd  __aeabi_dsub                   
00000d8d  __aeabi_f2d                    
00000dc5  __aeabi_i2d                    
00000a5d  __aeabi_memclr                 
00000a5d  __aeabi_memclr4                
00000a5d  __aeabi_memclr8                
000009c1  __aeabi_memcpy                 
000009c1  __aeabi_memcpy4                
000009c1  __aeabi_memcpy8                
00000a5f  __aeabi_memset                 
00000a5f  __aeabi_memset4                
00000a5f  __aeabi_memset8                
ffffffff  __binit__                      
ffffffff  __c_args__                     
00000c97  __mpu_init                     
2000fe00  __stack                        
00000df5  _args_main                     
00000c99  _c_int00                       
2000000c  _lock                          
00000e1b  _nop                           
00000e13  _register_lock                 
00000e0d  _register_unlock               
00000df3  _system_post_cinit             
00000e47  _system_pre_init               
20000010  _unlock                        
00000cf1  abort                          
ffffffff  binit                          
00000e64  compareConfig                  
00000d41  copy_in                        
20000014  errno                          
00000cf9  exit                           
00000000  interruptVectors               
000000e5  log10                          
000000e5  log10l                         
000006c9  main                           
20000018  main_func_sp                   
000009c1  memcpy                         
00000a65  memset                         
2000001c  tempC                          
00000e4c  upModeConfig                   


GLOBAL SYMBOLS: SORTED BY Symbol Address 

address   name                           
-------   ----                           
00000000  __TI_static_base__             
00000000  interruptVectors               
000000e5  log10                          
000000e5  log10l                         
00000200  __STACK_SIZE                   
000003dd  __aeabi_dsub                   
000003e7  __aeabi_dadd                   
00000593  __aeabi_ddiv                   
000006c9  main                           
000007e1  __aeabi_dmul                   
000008dd  ADC14_IRQHandler               
000008dd  ADC14_IRQHandler               
000009c1  __aeabi_memcpy                 
000009c1  __aeabi_memcpy4                
000009c1  __aeabi_memcpy8                
000009c1  memcpy                         
00000a5d  __aeabi_memclr                 
00000a5d  __aeabi_memclr4                
00000a5d  __aeabi_memclr8                
00000a5f  __aeabi_memset                 
00000a5f  __aeabi_memset4                
00000a5f  __aeabi_memset8                
00000a65  memset                         
00000ad7  AES256_IRQHandler              
00000ad7  BusFault_Handler               
00000ad7  COMP_E0_IRQHandler             
00000ad7  COMP_E1_IRQHandler             
00000ad7  CS_IRQHandler                  
00000ad7  DMA_ERR_IRQHandler             
00000ad7  DMA_INT0_IRQHandler            
00000ad7  DMA_INT1_IRQHandler            
00000ad7  DMA_INT2_IRQHandler            
00000ad7  DMA_INT3_IRQHandler            
00000ad7  DebugMon_Handler               
00000ad7  Default_Handler                
00000ad7  EUSCIA0_IRQHandler             
00000ad7  EUSCIA1_IRQHandler             
00000ad7  EUSCIA2_IRQHandler             
00000ad7  EUSCIA3_IRQHandler             
00000ad7  EUSCIB0_IRQHandler             
00000ad7  EUSCIB1_IRQHandler             
00000ad7  EUSCIB2_IRQHandler             
00000ad7  EUSCIB3_IRQHandler             
00000ad7  FLCTL_IRQHandler               
00000ad7  FPU_IRQHandler                 
00000ad7  HardFault_Handler              
00000ad7  MemManage_Handler              
00000ad7  NMI_Handler                    
00000ad7  PCM_IRQHandler                 
00000ad7  PORT1_IRQHandler               
00000ad7  PORT2_IRQHandler               
00000ad7  PORT3_IRQHandler               
00000ad7  PORT4_IRQHandler               
00000ad7  PORT5_IRQHandler               
00000ad7  PORT6_IRQHandler               
00000ad7  PSS_IRQHandler                 
00000ad7  PendSV_Handler                 
00000ad7  RTC_C_IRQHandler               
00000ad7  SVC_Handler                    
00000ad7  SysTick_Handler                
00000ad7  T32_INT1_IRQHandler            
00000ad7  T32_INT2_IRQHandler            
00000ad7  T32_INTC_IRQHandler            
00000ad7  TA0_0_IRQHandler               
00000ad7  TA0_N_IRQHandler               
00000ad7  TA1_0_IRQHandler               
00000ad7  TA1_N_IRQHandler               
00000ad7  TA2_0_IRQHandler               
00000ad7  TA2_N_IRQHandler               
00000ad7  TA3_0_IRQHandler               
00000ad7  TA3_N_IRQHandler               
00000ad7  UsageFault_Handler             
00000ad7  WDT_A_IRQHandler               
00000ad9  SystemInit                     
00000b51  __TI_auto_init                 
00000bc1  __aeabi_d2f                    
00000c2f  __TI_decompress_lzss           
00000c97  __mpu_init                     
00000c99  _c_int00                       
00000ced  C$$EXIT                        
00000cf1  abort                          
00000cf9  exit                           
00000d41  copy_in                        
00000d8d  __aeabi_f2d                    
00000dc5  __aeabi_i2d                    
00000df3  _system_post_cinit             
00000df5  _args_main                     
00000e0d  _register_unlock               
00000e13  _register_lock                 
00000e1b  _nop                           
00000e21  __TI_decompress_none           
00000e2f  Reset_Handler                  
00000e3b  __TI_zero_init                 
00000e47  _system_pre_init               
00000e4c  upModeConfig                   
00000e64  compareConfig                  
00000e8c  __TI_Handler_Table_Base        
00000e98  __TI_Handler_Table_Limit       
00000ea0  __TI_CINIT_Base                
00000eb0  __TI_CINIT_Limit               
20000000  __TI_cleanup_ptr               
20000004  __TI_dtors_ptr                 
20000008  __TI_enable_exit_profile_output
2000000c  _lock                          
20000010  _unlock                        
20000014  errno                          
20000018  main_func_sp                   
2000001c  tempC                          
2000fe00  __stack                        
20010000  __STACK_END                    
4000480c  WDTCTL_SYM                     
ffffffff  __TI_pprof_out_hndl            
ffffffff  __TI_prof_data_size            
ffffffff  __TI_prof_data_start           
ffffffff  __binit__                      
ffffffff  __c_args__                     
ffffffff  binit                          
UNDEFED   SHT$$INIT_ARRAY$$Base          
UNDEFED   SHT$$INIT_ARRAY$$Limit         

[119 symbols]
