******************************************************************************
                  TI ARM Linker Unix v16.9.6                   
******************************************************************************
>> Linked Fri Mar 16 17:08:58 2018

OUTPUT FILE NAME:   <gpio_input_interrupt_MSP_EXP432P401R_nortos_ccs.out>
ENTRY POINT SYMBOL: "_c_int00"  address: 000003ad


MEMORY CONFIGURATION

         name            origin    length      used     unused   attr    fill
----------------------  --------  ---------  --------  --------  ----  --------
  MAIN                  00000000   00040000  00000514  0003faec  R  X
  INFO                  00200000   00004000  00000000  00004000  R  X
  SRAM_CODE             01000000   00010000  00000218  0000fde8  RW X
  SRAM_DATA             20000000   00010000  00000218  0000fde8  RW  


SEGMENT ALLOCATION MAP

run origin  load origin   length   init length attrs members
----------  ----------- ---------- ----------- ----- -------
00000000    00000000    00000514   00000514    r-x
  00000000    00000000    000000e4   000000e4    r-- .intvecs
  000000e4    000000e4    0000040c   0000040c    r-x .text
  000004f0    000004f0    00000024   00000024    r-- .cinit
20000000    20000000    00000018   00000000    rw-
  20000000    20000000    00000018   00000000    rw- .data
2000fe00    2000fe00    00000200   00000000    rw-
  2000fe00    2000fe00    00000200   00000000    rw- .stack


SECTION ALLOCATION MAP

 output                                  attributes/
section   page    origin      length       input sections
--------  ----  ----------  ----------   ----------------
.intvecs   0    00000000    000000e4     
                  00000000    000000e4     startup_msp432p401r_ccs.obj (.intvecs:retain)

.text      0    000000e4    0000040c     
                  000000e4    0000009c     rtsv7M4_T_le_v4SPD16_eabi.lib : memcpy_t2.obj (.text)
                  00000180    00000080     gpio_input_interrupt.obj (.text:main)
                  00000200    00000078     system_msp432p401r.obj (.text:SystemInit)
                  00000278    00000070     rtsv7M4_T_le_v4SPD16_eabi.lib : autoinit.obj (.text)
                  000002e8    00000068                                   : copy_decompress_lzss.obj (.text:decompress:lzss)
                  00000350    0000005c     gpio_input_interrupt.obj (.text:PORT1_IRQHandler)
                  000003ac    00000054     rtsv7M4_T_le_v4SPD16_eabi.lib : boot.obj (.text)
                  00000400    00000054                                   : exit.obj (.text)
                  00000454    0000004c                                   : cpy_tbl.obj (.text)
                  000004a0    00000018                                   : args_main.obj (.text)
                  000004b8    00000014                                   : _lock.obj (.text)
                  000004cc    0000000e                                   : copy_decompress_none.obj (.text:decompress:none)
                  000004da    0000000c     startup_msp432p401r_ccs.obj (.text:Reset_Handler)
                  000004e6    00000004     rtsv7M4_T_le_v4SPD16_eabi.lib : pre_init.obj (.text)
                  000004ea    00000002     startup_msp432p401r_ccs.obj (.text:Default_Handler)
                  000004ec    00000002     rtsv7M4_T_le_v4SPD16_eabi.lib : mpu_init.obj (.text)
                  000004ee    00000002                                   : startup.obj (.text)

.cinit     0    000004f0    00000024     
                  000004f0    00000011     (.cinit..data.load) [load image, compression = lzss]
                  00000501    00000003     --HOLE-- [fill = 0]
                  00000504    00000008     (__TI_handler_table)
                  0000050c    00000008     (__TI_cinit_table)

.init_array 
*          0    00000000    00000000     UNINITIALIZED

.binit     0    00000000    00000000     

.data      0    20000000    00000018     UNINITIALIZED
                  20000000    0000000c     rtsv7M4_T_le_v4SPD16_eabi.lib : exit.obj (.data:$O1$$)
                  2000000c    00000008                                   : _lock.obj (.data:$O1$$)
                  20000014    00000004                                   : stkdepth_vars.obj (.data)

.stack     0    2000fe00    00000200     UNINITIALIZED
                  2000fe00    00000200     --HOLE--

MODULE SUMMARY

       Module                        code   ro data   rw data
       ------                        ----   -------   -------
    ./
       gpio_input_interrupt.obj      220    0         0      
       system_msp432p401r.obj        120    0         0      
    +--+-----------------------------+------+---------+---------+
       Total:                        340    0         0      
                                                             
    ./ccs/
       startup_msp432p401r_ccs.obj   14     228       0      
    +--+-----------------------------+------+---------+---------+
       Total:                        14     228       0      
                                                             
    /opt/ti/ccsv7/tools/compiler/ti-cgt-arm_16.9.6.LTS/lib/rtsv7M4_T_le_v4SPD16_eabi.lib
       memcpy_t2.obj                 156    0         0      
       autoinit.obj                  112    0         0      
       exit.obj                      84     0         24     
       copy_decompress_lzss.obj      104    0         0      
       boot.obj                      84     0         0      
       cpy_tbl.obj                   76     0         0      
       _lock.obj                     20     0         16     
       args_main.obj                 24     0         0      
       copy_decompress_none.obj      14     0         0      
       stkdepth_vars.obj             0      0         8      
       pre_init.obj                  4      0         0      
       mpu_init.obj                  2      0         0      
       startup.obj                   2      0         0      
    +--+-----------------------------+------+---------+---------+
       Total:                        682    0         48     
                                                             
       Stack:                        0      0         1024   
       Linker Generated:             0      33        0      
    +--+-----------------------------+------+---------+---------+
       Grand Total:                  1036   261       1072   


LINKER GENERATED COPY TABLES

__TI_cinit_table @ 0000050c records: 1, size/record: 8, table size: 8
	.data: load addr=000004f0, load size=00000011 bytes, run addr=20000000, run size=00000018 bytes, compression=lzss


LINKER GENERATED HANDLER TABLE

__TI_handler_table @ 00000504 records: 2, size/record: 4, table size: 8
	index: 0, handler: __TI_decompress_lzss
	index: 1, handler: __TI_decompress_none


GLOBAL SYMBOLS: SORTED ALPHABETICALLY BY Name 

address   name                           
-------   ----                           
000004eb  ADC14_IRQHandler               
000004eb  AES256_IRQHandler              
000004eb  BusFault_Handler               
00000401  C$$EXIT                        
000004eb  COMP_E0_IRQHandler             
000004eb  COMP_E1_IRQHandler             
000004eb  CS_IRQHandler                  
000004eb  DMA_ERR_IRQHandler             
000004eb  DMA_INT0_IRQHandler            
000004eb  DMA_INT1_IRQHandler            
000004eb  DMA_INT2_IRQHandler            
000004eb  DMA_INT3_IRQHandler            
000004eb  DebugMon_Handler               
000004eb  Default_Handler                
000004eb  EUSCIA0_IRQHandler             
000004eb  EUSCIA1_IRQHandler             
000004eb  EUSCIA2_IRQHandler             
000004eb  EUSCIA3_IRQHandler             
000004eb  EUSCIB0_IRQHandler             
000004eb  EUSCIB1_IRQHandler             
000004eb  EUSCIB2_IRQHandler             
000004eb  EUSCIB3_IRQHandler             
000004eb  FLCTL_IRQHandler               
000004eb  FPU_IRQHandler                 
000004eb  HardFault_Handler              
000004eb  MemManage_Handler              
000004eb  NMI_Handler                    
000004eb  PCM_IRQHandler                 
00000351  PORT1_IRQHandler               
00000351  PORT1_IRQHandler               
000004eb  PORT2_IRQHandler               
000004eb  PORT3_IRQHandler               
000004eb  PORT4_IRQHandler               
000004eb  PORT5_IRQHandler               
000004eb  PORT6_IRQHandler               
000004eb  PSS_IRQHandler                 
000004eb  PendSV_Handler                 
000004eb  RTC_C_IRQHandler               
000004db  Reset_Handler                  
UNDEFED   SHT$$INIT_ARRAY$$Base          
UNDEFED   SHT$$INIT_ARRAY$$Limit         
000004eb  SVC_Handler                    
000004eb  SysTick_Handler                
00000201  SystemInit                     
000004eb  T32_INT1_IRQHandler            
000004eb  T32_INT2_IRQHandler            
000004eb  T32_INTC_IRQHandler            
000004eb  TA0_0_IRQHandler               
000004eb  TA0_N_IRQHandler               
000004eb  TA1_0_IRQHandler               
000004eb  TA1_N_IRQHandler               
000004eb  TA2_0_IRQHandler               
000004eb  TA2_N_IRQHandler               
000004eb  TA3_0_IRQHandler               
000004eb  TA3_N_IRQHandler               
000004eb  UsageFault_Handler             
4000480c  WDTCTL_SYM                     
000004eb  WDT_A_IRQHandler               
20010000  __STACK_END                    
00000200  __STACK_SIZE                   
0000050c  __TI_CINIT_Base                
00000514  __TI_CINIT_Limit               
00000504  __TI_Handler_Table_Base        
0000050c  __TI_Handler_Table_Limit       
00000279  __TI_auto_init                 
20000000  __TI_cleanup_ptr               
000002e9  __TI_decompress_lzss           
000004cd  __TI_decompress_none           
20000004  __TI_dtors_ptr                 
20000008  __TI_enable_exit_profile_output
ffffffff  __TI_pprof_out_hndl            
ffffffff  __TI_prof_data_size            
ffffffff  __TI_prof_data_start           
00000000  __TI_static_base__             
000000e5  __aeabi_memcpy                 
000000e5  __aeabi_memcpy4                
000000e5  __aeabi_memcpy8                
ffffffff  __binit__                      
ffffffff  __c_args__                     
000004ed  __mpu_init                     
2000fe00  __stack                        
000004a1  _args_main                     
000003ad  _c_int00                       
2000000c  _lock                          
000004c7  _nop                           
000004bf  _register_lock                 
000004b9  _register_unlock               
000004ef  _system_post_cinit             
000004e7  _system_pre_init               
20000010  _unlock                        
00000405  abort                          
ffffffff  binit                          
00000455  copy_in                        
0000040d  exit                           
00000000  interruptVectors               
00000181  main                           
20000014  main_func_sp                   
000000e5  memcpy                         


GLOBAL SYMBOLS: SORTED BY Symbol Address 

address   name                           
-------   ----                           
00000000  __TI_static_base__             
00000000  interruptVectors               
000000e5  __aeabi_memcpy                 
000000e5  __aeabi_memcpy4                
000000e5  __aeabi_memcpy8                
000000e5  memcpy                         
00000181  main                           
00000200  __STACK_SIZE                   
00000201  SystemInit                     
00000279  __TI_auto_init                 
000002e9  __TI_decompress_lzss           
00000351  PORT1_IRQHandler               
00000351  PORT1_IRQHandler               
000003ad  _c_int00                       
00000401  C$$EXIT                        
00000405  abort                          
0000040d  exit                           
00000455  copy_in                        
000004a1  _args_main                     
000004b9  _register_unlock               
000004bf  _register_lock                 
000004c7  _nop                           
000004cd  __TI_decompress_none           
000004db  Reset_Handler                  
000004e7  _system_pre_init               
000004eb  ADC14_IRQHandler               
000004eb  AES256_IRQHandler              
000004eb  BusFault_Handler               
000004eb  COMP_E0_IRQHandler             
000004eb  COMP_E1_IRQHandler             
000004eb  CS_IRQHandler                  
000004eb  DMA_ERR_IRQHandler             
000004eb  DMA_INT0_IRQHandler            
000004eb  DMA_INT1_IRQHandler            
000004eb  DMA_INT2_IRQHandler            
000004eb  DMA_INT3_IRQHandler            
000004eb  DebugMon_Handler               
000004eb  Default_Handler                
000004eb  EUSCIA0_IRQHandler             
000004eb  EUSCIA1_IRQHandler             
000004eb  EUSCIA2_IRQHandler             
000004eb  EUSCIA3_IRQHandler             
000004eb  EUSCIB0_IRQHandler             
000004eb  EUSCIB1_IRQHandler             
000004eb  EUSCIB2_IRQHandler             
000004eb  EUSCIB3_IRQHandler             
000004eb  FLCTL_IRQHandler               
000004eb  FPU_IRQHandler                 
000004eb  HardFault_Handler              
000004eb  MemManage_Handler              
000004eb  NMI_Handler                    
000004eb  PCM_IRQHandler                 
000004eb  PORT2_IRQHandler               
000004eb  PORT3_IRQHandler               
000004eb  PORT4_IRQHandler               
000004eb  PORT5_IRQHandler               
000004eb  PORT6_IRQHandler               
000004eb  PSS_IRQHandler                 
000004eb  PendSV_Handler                 
000004eb  RTC_C_IRQHandler               
000004eb  SVC_Handler                    
000004eb  SysTick_Handler                
000004eb  T32_INT1_IRQHandler            
000004eb  T32_INT2_IRQHandler            
000004eb  T32_INTC_IRQHandler            
000004eb  TA0_0_IRQHandler               
000004eb  TA0_N_IRQHandler               
000004eb  TA1_0_IRQHandler               
000004eb  TA1_N_IRQHandler               
000004eb  TA2_0_IRQHandler               
000004eb  TA2_N_IRQHandler               
000004eb  TA3_0_IRQHandler               
000004eb  TA3_N_IRQHandler               
000004eb  UsageFault_Handler             
000004eb  WDT_A_IRQHandler               
000004ed  __mpu_init                     
000004ef  _system_post_cinit             
00000504  __TI_Handler_Table_Base        
0000050c  __TI_CINIT_Base                
0000050c  __TI_Handler_Table_Limit       
00000514  __TI_CINIT_Limit               
20000000  __TI_cleanup_ptr               
20000004  __TI_dtors_ptr                 
20000008  __TI_enable_exit_profile_output
2000000c  _lock                          
20000010  _unlock                        
20000014  main_func_sp                   
2000fe00  __stack                        
20010000  __STACK_END                    
4000480c  WDTCTL_SYM                     
ffffffff  __TI_pprof_out_hndl            
ffffffff  __TI_prof_data_size            
ffffffff  __TI_prof_data_start           
ffffffff  __binit__                      
ffffffff  __c_args__                     
ffffffff  binit                          
UNDEFED   SHT$$INIT_ARRAY$$Base          
UNDEFED   SHT$$INIT_ARRAY$$Limit         

[98 symbols]
