******************************************************************************
                  TI ARM Linker Unix v16.9.6                   
******************************************************************************
>> Linked Tue Apr 10 17:45:01 2018

OUTPUT FILE NAME:   <adc14_single_conversion_temperatureSensorAsInput_manual_software_interrupt.out>
ENTRY POINT SYMBOL: "_c_int00"  address: 00000c75


MEMORY CONFIGURATION

         name            origin    length      used     unused   attr    fill
----------------------  --------  ---------  --------  --------  ----  --------
  MAIN                  00000000   00040000  00000e5e  0003f1a2  R  X
  INFO                  00200000   00004000  00000000  00004000  R  X
  SRAM_CODE             01000000   00010000  00000226  0000fdda  RW X
  SRAM_DATA             20000000   00010000  00000226  0000fdda  RW  


SEGMENT ALLOCATION MAP

run origin  load origin   length   init length attrs members
----------  ----------- ---------- ----------- ----- -------
00000000    00000000    00000e60   00000e60    r-x
  00000000    00000000    000000e4   000000e4    r-- .intvecs
  000000e4    000000e4    00000d42   00000d42    r-x .text
  00000e28    00000e28    00000038   00000038    r-- .cinit
20000000    20000000    00000026   00000000    rw-
  20000000    20000000    0000001c   00000000    rw- .data
  2000001c    2000001c    0000000a   00000000    rw- .bss
2000fe00    2000fe00    00000200   00000000    rw-
  2000fe00    2000fe00    00000200   00000000    rw- .stack


SECTION ALLOCATION MAP

 output                                  attributes/
section   page    origin      length       input sections
--------  ----  ----------  ----------   ----------------
.intvecs   0    00000000    000000e4     
                  00000000    000000e4     startup_msp432p401r_ccs.obj (.intvecs:retain)

.text      0    000000e4    00000d42     
                  000000e4    000002f8     rtsv7M4_T_le_v4SPD16_eabi.lib : e_log10.obj (.text)
                  000003dc    000001b6                                   : fd_add_t2.obj (.text)
                  00000592    00000136                                   : fd_div_t2.obj (.text)
                  000006c8    00000110     adc14_single_conversion_repeat.obj (.text:ADC14_IRQHandler)
                  000007d8    000000fc     rtsv7M4_T_le_v4SPD16_eabi.lib : fd_mul_t2.obj (.text)
                  000008d4    000000c8     adc14_single_conversion_repeat.obj (.text:main)
                  0000099c    0000009c     rtsv7M4_T_le_v4SPD16_eabi.lib : memcpy_t2.obj (.text)
                  00000a38    0000007a                                   : memset_t2.obj (.text)
                  00000ab2    00000002     startup_msp432p401r_ccs.obj (.text:Default_Handler)
                  00000ab4    00000078     system_msp432p401r.obj (.text:SystemInit)
                  00000b2c    00000070     rtsv7M4_T_le_v4SPD16_eabi.lib : autoinit.obj (.text)
                  00000b9c    0000006e                                   : fd_tos_t2.obj (.text)
                  00000c0a    00000068                                   : copy_decompress_lzss.obj (.text:decompress:lzss)
                  00000c72    00000002                                   : mpu_init.obj (.text)
                  00000c74    00000054                                   : boot.obj (.text)
                  00000cc8    00000054                                   : exit.obj (.text)
                  00000d1c    0000004c                                   : cpy_tbl.obj (.text)
                  00000d68    00000038                                   : fs_tod_t2.obj (.text)
                  00000da0    0000002e                                   : i_tofd_t2.obj (.text)
                  00000dce    00000002                                   : startup.obj (.text)
                  00000dd0    00000018                                   : args_main.obj (.text)
                  00000de8    00000014                                   : _lock.obj (.text)
                  00000dfc    0000000e                                   : copy_decompress_none.obj (.text:decompress:none)
                  00000e0a    0000000c     startup_msp432p401r_ccs.obj (.text:Reset_Handler)
                  00000e16    0000000c     rtsv7M4_T_le_v4SPD16_eabi.lib : copy_zero_init.obj (.text:decompress:ZI)
                  00000e22    00000004                                   : pre_init.obj (.text)

.cinit     0    00000e28    00000038     
                  00000e28    00000011     (.cinit..data.load) [load image, compression = lzss]
                  00000e39    00000003     --HOLE-- [fill = 0]
                  00000e3c    0000000c     (__TI_handler_table)
                  00000e48    00000008     (.cinit..bss.load) [load image, compression = zero_init]
                  00000e50    00000010     (__TI_cinit_table)

.init_array 
*          0    00000000    00000000     UNINITIALIZED

.binit     0    00000000    00000000     

.data      0    20000000    0000001c     UNINITIALIZED
                  20000000    0000000c     rtsv7M4_T_le_v4SPD16_eabi.lib : exit.obj (.data:$O1$$)
                  2000000c    00000008                                   : _lock.obj (.data:$O1$$)
                  20000014    00000004                                   : errno.obj (.data)
                  20000018    00000004                                   : stkdepth_vars.obj (.data)

.bss       0    2000001c    0000000a     UNINITIALIZED
                  2000001c    00000004     (.common:tempC)
                  20000020    00000004     (.common:tempF)
                  20000024    00000002     adc14_single_conversion_repeat.obj (.bss)

.stack     0    2000fe00    00000200     UNINITIALIZED
                  2000fe00    00000200     --HOLE--

MODULE SUMMARY

       Module                               code   ro data   rw data
       ------                               ----   -------   -------
    ./
       adc14_single_conversion_repeat.obj   472    0         20     
       system_msp432p401r.obj               120    0         0      
    +--+------------------------------------+------+---------+---------+
       Total:                               592    0         20     
                                                                    
    ./ccs/
       startup_msp432p401r_ccs.obj          14     228       0      
    +--+------------------------------------+------+---------+---------+
       Total:                               14     228       0      
                                                                    
    /opt/ti/ccsv7/tools/compiler/ti-cgt-arm_16.9.6.LTS/lib/rtsv7M4_T_le_v4SPD16_eabi.lib
       e_log10.obj                          760    0         0      
       fd_add_t2.obj                        438    0         0      
       fd_div_t2.obj                        310    0         0      
       fd_mul_t2.obj                        252    0         0      
       memcpy_t2.obj                        156    0         0      
       memset_t2.obj                        122    0         0      
       autoinit.obj                         112    0         0      
       fd_tos_t2.obj                        110    0         0      
       exit.obj                             84     0         24     
       copy_decompress_lzss.obj             104    0         0      
       boot.obj                             84     0         0      
       cpy_tbl.obj                          76     0         0      
       fs_tod_t2.obj                        56     0         0      
       i_tofd_t2.obj                        46     0         0      
       _lock.obj                            20     0         16     
       args_main.obj                        24     0         0      
       copy_decompress_none.obj             14     0         0      
       copy_zero_init.obj                   12     0         0      
       errno.obj                            0      0         8      
       stkdepth_vars.obj                    0      0         8      
       pre_init.obj                         4      0         0      
       mpu_init.obj                         2      0         0      
       startup.obj                          2      0         0      
    +--+------------------------------------+------+---------+---------+
       Total:                               2788   0         56     
                                                                    
       Stack:                               0      0         1024   
       Linker Generated:                    0      53        0      
    +--+------------------------------------+------+---------+---------+
       Grand Total:                         3394   281       1100   


LINKER GENERATED COPY TABLES

__TI_cinit_table @ 00000e50 records: 2, size/record: 8, table size: 16
	.data: load addr=00000e28, load size=00000011 bytes, run addr=20000000, run size=0000001c bytes, compression=lzss
	.bss: load addr=00000e48, load size=00000008 bytes, run addr=2000001c, run size=0000000a bytes, compression=zero_init


LINKER GENERATED HANDLER TABLE

__TI_handler_table @ 00000e3c records: 3, size/record: 4, table size: 12
	index: 0, handler: __TI_decompress_lzss
	index: 1, handler: __TI_decompress_none
	index: 2, handler: __TI_zero_init


GLOBAL SYMBOLS: SORTED ALPHABETICALLY BY Name 

address   name                           
-------   ----                           
000006c9  ADC14_IRQHandler               
000006c9  ADC14_IRQHandler               
00000ab3  AES256_IRQHandler              
00000ab3  BusFault_Handler               
00000cc9  C$$EXIT                        
00000ab3  COMP_E0_IRQHandler             
00000ab3  COMP_E1_IRQHandler             
00000ab3  CS_IRQHandler                  
00000ab3  DMA_ERR_IRQHandler             
00000ab3  DMA_INT0_IRQHandler            
00000ab3  DMA_INT1_IRQHandler            
00000ab3  DMA_INT2_IRQHandler            
00000ab3  DMA_INT3_IRQHandler            
00000ab3  DebugMon_Handler               
00000ab3  Default_Handler                
00000ab3  EUSCIA0_IRQHandler             
00000ab3  EUSCIA1_IRQHandler             
00000ab3  EUSCIA2_IRQHandler             
00000ab3  EUSCIA3_IRQHandler             
00000ab3  EUSCIB0_IRQHandler             
00000ab3  EUSCIB1_IRQHandler             
00000ab3  EUSCIB2_IRQHandler             
00000ab3  EUSCIB3_IRQHandler             
00000ab3  FLCTL_IRQHandler               
00000ab3  FPU_IRQHandler                 
00000ab3  HardFault_Handler              
00000ab3  MemManage_Handler              
00000ab3  NMI_Handler                    
00000ab3  PCM_IRQHandler                 
00000ab3  PORT1_IRQHandler               
00000ab3  PORT2_IRQHandler               
00000ab3  PORT3_IRQHandler               
00000ab3  PORT4_IRQHandler               
00000ab3  PORT5_IRQHandler               
00000ab3  PORT6_IRQHandler               
00000ab3  PSS_IRQHandler                 
00000ab3  PendSV_Handler                 
00000ab3  RTC_C_IRQHandler               
00000e0b  Reset_Handler                  
UNDEFED   SHT$$INIT_ARRAY$$Base          
UNDEFED   SHT$$INIT_ARRAY$$Limit         
00000ab3  SVC_Handler                    
00000ab3  SysTick_Handler                
00000ab5  SystemInit                     
00000ab3  T32_INT1_IRQHandler            
00000ab3  T32_INT2_IRQHandler            
00000ab3  T32_INTC_IRQHandler            
00000ab3  TA0_0_IRQHandler               
00000ab3  TA0_N_IRQHandler               
00000ab3  TA1_0_IRQHandler               
00000ab3  TA1_N_IRQHandler               
00000ab3  TA2_0_IRQHandler               
00000ab3  TA2_N_IRQHandler               
00000ab3  TA3_0_IRQHandler               
00000ab3  TA3_N_IRQHandler               
00000ab3  UsageFault_Handler             
4000480c  WDTCTL_SYM                     
00000ab3  WDT_A_IRQHandler               
20010000  __STACK_END                    
00000200  __STACK_SIZE                   
00000e50  __TI_CINIT_Base                
00000e60  __TI_CINIT_Limit               
00000e3c  __TI_Handler_Table_Base        
00000e48  __TI_Handler_Table_Limit       
00000b2d  __TI_auto_init                 
20000000  __TI_cleanup_ptr               
00000c0b  __TI_decompress_lzss           
00000dfd  __TI_decompress_none           
20000004  __TI_dtors_ptr                 
20000008  __TI_enable_exit_profile_output
ffffffff  __TI_pprof_out_hndl            
ffffffff  __TI_prof_data_size            
ffffffff  __TI_prof_data_start           
00000000  __TI_static_base__             
00000e17  __TI_zero_init                 
00000b9d  __aeabi_d2f                    
000003e7  __aeabi_dadd                   
00000593  __aeabi_ddiv                   
000007d9  __aeabi_dmul                   
000003dd  __aeabi_dsub                   
00000d69  __aeabi_f2d                    
00000da1  __aeabi_i2d                    
00000a39  __aeabi_memclr                 
00000a39  __aeabi_memclr4                
00000a39  __aeabi_memclr8                
0000099d  __aeabi_memcpy                 
0000099d  __aeabi_memcpy4                
0000099d  __aeabi_memcpy8                
00000a3b  __aeabi_memset                 
00000a3b  __aeabi_memset4                
00000a3b  __aeabi_memset8                
ffffffff  __binit__                      
ffffffff  __c_args__                     
00000c73  __mpu_init                     
2000fe00  __stack                        
00000dd1  _args_main                     
00000c75  _c_int00                       
2000000c  _lock                          
00000df7  _nop                           
00000def  _register_lock                 
00000de9  _register_unlock               
00000dcf  _system_post_cinit             
00000e23  _system_pre_init               
20000010  _unlock                        
00000ccd  abort                          
ffffffff  binit                          
00000d1d  copy_in                        
20000014  errno                          
00000cd5  exit                           
00000000  interruptVectors               
000000e5  log10                          
000000e5  log10l                         
000008d5  main                           
20000018  main_func_sp                   
0000099d  memcpy                         
00000a41  memset                         
2000001c  tempC                          
20000020  tempF                          


GLOBAL SYMBOLS: SORTED BY Symbol Address 

address   name                           
-------   ----                           
00000000  __TI_static_base__             
00000000  interruptVectors               
000000e5  log10                          
000000e5  log10l                         
00000200  __STACK_SIZE                   
000003dd  __aeabi_dsub                   
000003e7  __aeabi_dadd                   
00000593  __aeabi_ddiv                   
000006c9  ADC14_IRQHandler               
000006c9  ADC14_IRQHandler               
000007d9  __aeabi_dmul                   
000008d5  main                           
0000099d  __aeabi_memcpy                 
0000099d  __aeabi_memcpy4                
0000099d  __aeabi_memcpy8                
0000099d  memcpy                         
00000a39  __aeabi_memclr                 
00000a39  __aeabi_memclr4                
00000a39  __aeabi_memclr8                
00000a3b  __aeabi_memset                 
00000a3b  __aeabi_memset4                
00000a3b  __aeabi_memset8                
00000a41  memset                         
00000ab3  AES256_IRQHandler              
00000ab3  BusFault_Handler               
00000ab3  COMP_E0_IRQHandler             
00000ab3  COMP_E1_IRQHandler             
00000ab3  CS_IRQHandler                  
00000ab3  DMA_ERR_IRQHandler             
00000ab3  DMA_INT0_IRQHandler            
00000ab3  DMA_INT1_IRQHandler            
00000ab3  DMA_INT2_IRQHandler            
00000ab3  DMA_INT3_IRQHandler            
00000ab3  DebugMon_Handler               
00000ab3  Default_Handler                
00000ab3  EUSCIA0_IRQHandler             
00000ab3  EUSCIA1_IRQHandler             
00000ab3  EUSCIA2_IRQHandler             
00000ab3  EUSCIA3_IRQHandler             
00000ab3  EUSCIB0_IRQHandler             
00000ab3  EUSCIB1_IRQHandler             
00000ab3  EUSCIB2_IRQHandler             
00000ab3  EUSCIB3_IRQHandler             
00000ab3  FLCTL_IRQHandler               
00000ab3  FPU_IRQHandler                 
00000ab3  HardFault_Handler              
00000ab3  MemManage_Handler              
00000ab3  NMI_Handler                    
00000ab3  PCM_IRQHandler                 
00000ab3  PORT1_IRQHandler               
00000ab3  PORT2_IRQHandler               
00000ab3  PORT3_IRQHandler               
00000ab3  PORT4_IRQHandler               
00000ab3  PORT5_IRQHandler               
00000ab3  PORT6_IRQHandler               
00000ab3  PSS_IRQHandler                 
00000ab3  PendSV_Handler                 
00000ab3  RTC_C_IRQHandler               
00000ab3  SVC_Handler                    
00000ab3  SysTick_Handler                
00000ab3  T32_INT1_IRQHandler            
00000ab3  T32_INT2_IRQHandler            
00000ab3  T32_INTC_IRQHandler            
00000ab3  TA0_0_IRQHandler               
00000ab3  TA0_N_IRQHandler               
00000ab3  TA1_0_IRQHandler               
00000ab3  TA1_N_IRQHandler               
00000ab3  TA2_0_IRQHandler               
00000ab3  TA2_N_IRQHandler               
00000ab3  TA3_0_IRQHandler               
00000ab3  TA3_N_IRQHandler               
00000ab3  UsageFault_Handler             
00000ab3  WDT_A_IRQHandler               
00000ab5  SystemInit                     
00000b2d  __TI_auto_init                 
00000b9d  __aeabi_d2f                    
00000c0b  __TI_decompress_lzss           
00000c73  __mpu_init                     
00000c75  _c_int00                       
00000cc9  C$$EXIT                        
00000ccd  abort                          
00000cd5  exit                           
00000d1d  copy_in                        
00000d69  __aeabi_f2d                    
00000da1  __aeabi_i2d                    
00000dcf  _system_post_cinit             
00000dd1  _args_main                     
00000de9  _register_unlock               
00000def  _register_lock                 
00000df7  _nop                           
00000dfd  __TI_decompress_none           
00000e0b  Reset_Handler                  
00000e17  __TI_zero_init                 
00000e23  _system_pre_init               
00000e3c  __TI_Handler_Table_Base        
00000e48  __TI_Handler_Table_Limit       
00000e50  __TI_CINIT_Base                
00000e60  __TI_CINIT_Limit               
20000000  __TI_cleanup_ptr               
20000004  __TI_dtors_ptr                 
20000008  __TI_enable_exit_profile_output
2000000c  _lock                          
20000010  _unlock                        
20000014  errno                          
20000018  main_func_sp                   
2000001c  tempC                          
20000020  tempF                          
2000fe00  __stack                        
20010000  __STACK_END                    
4000480c  WDTCTL_SYM                     
ffffffff  __TI_pprof_out_hndl            
ffffffff  __TI_prof_data_size            
ffffffff  __TI_prof_data_start           
ffffffff  __binit__                      
ffffffff  __c_args__                     
ffffffff  binit                          
UNDEFED   SHT$$INIT_ARRAY$$Base          
UNDEFED   SHT$$INIT_ARRAY$$Limit         

[118 symbols]
